../Core/Src/main.c:68:6:LCD_Enable	8	static
../Core/Src/main.c:75:6:LCD_Send4Bits	16	static
../Core/Src/main.c:83:6:LCD_SendCmd	16	static
../Core/Src/main.c:89:6:LCD_MoveCursor	24	static
../Core/Src/main.c:94:6:LCD_SendChar	16	static
../Core/Src/main.c:99:6:LCD_Init	8	static
../Core/Src/main.c:123:6:LCD_Puts	16	static
../Core/Src/main.c:131:6:lcd_clear	8	static
../Core/Src/main.c:137:6:Display_Temp	40	static
../Core/Src/main.c:147:6:Display_Rh	40	static
../Core/Src/main.c:162:6:TIM2_us_Init	8	static
../Core/Src/main.c:178:6:DELAY_us	16	static
../Core/Src/main.c:183:6:Set_Pin_Output	32	static
../Core/Src/main.c:192:6:Set_Pin_Input	32	static
../Core/Src/main.c:201:6:DHT11_Start	8	static
../Core/Src/main.c:215:9:DHT11_Check_Response	16	static
../Core/Src/main.c:230:9:DHT11_Read	16	static
../Core/Src/main.c:254:6:GPIO_Output_Init	32	static
../Core/Src/main.c:265:6:OutputNibble	16	static
../Core/Src/main.c:279:5:main	24	static
../Core/Src/main.c:402:6:SystemClock_Config	72	static
../Core/Src/main.c:441:13:MX_TIM2_Init	32	static
../Core/Src/main.c:486:13:MX_GPIO_Init	40	static
../Core/Src/main.c:541:6:Error_Handler	4	static,ignoring_inline_asm
